// Jest Snapshot v1, https://goo.gl/fbAQLP

exports[`Button renders correctly 1`] = `
<View>
  <Text
    style={
      Object {
        "color": "#000000",
        "fontFamily": "Roboto-Bold",
        "fontSize": 13,
        "paddingBottom": 5,
      }
    }
  >
    test
  </Text>
  <TextInput
    allowFontScaling={true}
    onChangeText={[MockFunction]}
    rejectResponderTermination={true}
    selectionColor="#6666EE"
    style={
      Object {
        "borderColor": "#B00020",
        "borderWidth": 1,
        "fontFamily": "Roboto-Regular",
        "fontSize": 15,
        "paddingHorizontal": 10,
        "paddingVertical": 15,
        "width": "100%",
      }
    }
    underlineColorAndroid="transparent"
    value="123"
  />
  <Text
    style={
      Object {
        "color": "#B00020",
        "fontFamily": "Roboto-Regular",
        "fontSize": 13,
        "paddingBottom": 5,
        "paddingTop": 5,
      }
    }
  >
    error
  </Text>
</View>
`;
